/Users/yasuyuki/git/keydriver/src/main/java/org/javaopen/keydriver/report/Usage.java
/Users/yasuyuki/git/keydriver/src/main/java/org/javaopen/keydriver/reader/ReaderFactory.java
/Users/yasuyuki/git/keydriver/src/main/java/org/javaopen/keydriver/reader/ExcelReader.java
/Users/yasuyuki/git/keydriver/src/main/java/org/javaopen/keydriver/driver/Database.java
/Users/yasuyuki/git/keydriver/src/main/java/org/javaopen/keydriver/data/Tag.java
/Users/yasuyuki/git/keydriver/src/main/java/org/javaopen/keydriver/browser/WebDriverFactory.java
/Users/yasuyuki/git/keydriver/src/main/java/org/javaopen/keydriver/data/Matches.java
/Users/yasuyuki/git/keydriver/src/main/java/org/javaopen/keydriver/driver/Web.java
/Users/yasuyuki/git/keydriver/src/main/java/org/javaopen/keydriver/data/Test.java
/Users/yasuyuki/git/keydriver/src/main/java/org/javaopen/keydriver/App.java
/Users/yasuyuki/git/keydriver/src/main/java/org/javaopen/keydriver/data/DataType.java
/Users/yasuyuki/git/keydriver/src/main/java/org/javaopen/keydriver/report/ExcelWriter.java
/Users/yasuyuki/git/keydriver/src/main/java/org/javaopen/keydriver/report/Writer.java
/Users/yasuyuki/git/keydriver/src/main/java/org/javaopen/keydriver/data/Section.java
/Users/yasuyuki/git/keydriver/src/main/java/org/javaopen/keydriver/report/SystemInformation.java
/Users/yasuyuki/git/keydriver/src/main/java/org/javaopen/keydriver/report/Summary.java
/Users/yasuyuki/git/keydriver/src/main/java/org/javaopen/keydriver/driver/Context.java
/Users/yasuyuki/git/keydriver/src/main/java/org/javaopen/keydriver/driver/DriverFactory.java
/Users/yasuyuki/git/keydriver/src/main/java/org/javaopen/keydriver/data/Param.java
/Users/yasuyuki/git/keydriver/src/main/java/org/javaopen/keydriver/data/Keyword.java
/Users/yasuyuki/git/keydriver/src/main/java/org/javaopen/keydriver/report/Report.java
/Users/yasuyuki/git/keydriver/src/main/java/org/javaopen/keydriver/report/WriterFactory.java
/Users/yasuyuki/git/keydriver/src/main/java/org/javaopen/keydriver/driver/Driver.java
/Users/yasuyuki/git/keydriver/src/main/java/org/javaopen/keydriver/reader/Reader.java
/Users/yasuyuki/git/keydriver/src/main/java/org/javaopen/keydriver/browser/Browser.java
