/Users/yasuyuki/git/keydriver/src/test/java/org/javaopen/keydriver/report/TestSummary.java
/Users/yasuyuki/git/keydriver/src/test/java/org/javaopen/keydriver/data/DummyKeyword.java
/Users/yasuyuki/git/keydriver/src/test/java/org/javaopen/keydriver/driver/TestWeb.java
/Users/yasuyuki/git/keydriver/src/test/java/org/javaopen/keydriver/data/TestTest.java
/Users/yasuyuki/git/keydriver/src/test/java/org/javaopen/keydriver/data/TestParam.java
/Users/yasuyuki/git/keydriver/src/test/java/org/javaopen/keydriver/driver/TestDatabase.java
/Users/yasuyuki/git/keydriver/src/test/java/org/javaopen/keydriver/data/DummyTests.java
/Users/yasuyuki/git/keydriver/src/test/java/org/javaopen/keydriver/data/DummyMatches.java
/Users/yasuyuki/git/keydriver/src/test/java/org/javaopen/keydriver/report/TestSystemInformation.java
/Users/yasuyuki/git/keydriver/src/test/java/org/javaopen/keydriver/data/DummyParam.java
/Users/yasuyuki/git/keydriver/src/test/java/org/javaopen/keydriver/data/DummyDataType.java
/Users/yasuyuki/git/keydriver/src/test/java/org/javaopen/keydriver/TestApp.java
/Users/yasuyuki/git/keydriver/src/test/java/org/javaopen/keydriver/data/DummyTest.java
